// Jest Snapshot v1, https://goo.gl/fbAQLP

exports[`should render ExpenseListItem correctly 1`] = `
<div>
  <Link
    replace={false}
    to="/edit/1"
  >
    <h4>
      rent
    </h4>
  </Link>
  <p>
    500
     - 
    5000
  </p>
</div>
`;
